{
    "-profile test": {
        "content": [
            {
                "GENERATEMUTFASTA": {
                    "generateMutFasta": "generateMutFasta.py 1.2",
                    "mutalyzer": "3.1.1"
                },
                "MUTALYZER_RETRIEVER": {
                    "mutalyzer": "3.1.1"
                },
                "NEOANTIGENEDITING_ALIGNTOIEDB": {
                    "neoantigenEditing": 1.3
                },
                "NEOANTIGENEDITING_COMPUTEFITNESS": {
                    "neoantigenEditing": 1.3
                },
                "NEOANTIGENUTILS_CONVERTANNOTJSON": {
                    "convertannotjson": "v1.1"
                },
                "NEOANTIGENUTILS_FORMATNETMHCPAN": {
                    "formatNetmhcpanOutput": "format_netmhcpan_output.py 1.0"
                },
                "NEOANTIGENUTILS_GENERATEHLASTRING": {
                    "generateHLAstring": "1.0.0"
                },
                "NEOANTIGENUTILS_NEOANTIGENINPUT": {
                    "neoantigeninput": "generate_input.py 1.9"
                },
                "NETMHC3": {
                    "netmhc": "v3.4"
                },
                "NETMHCSTABPAN": {
                    "netmhcpan": "v4.1",
                    "netmhcstabpan": "v1.0"
                },
                "PHYLOWGS_CREATEINPUT": {
                    "phylowgs": "v1.5-msk"
                },
                "PHYLOWGS_MULTIEVOLVE": {
                    "phylowgs": "v1.5-msk"
                },
                "PHYLOWGS_PARSECNVS": {
                    "phylowgs": "v1.5-msk"
                },
                "PHYLOWGS_WRITERESULTS": {
                    "phylowgs": "v1.5-msk"
                },
                "Workflow": {
                    "mskcc/neoantigenpipeline": "v1.3.1"
                }
            },
            [
                "mutalyzer_cache",
                "mutalyzer_cache/mutalyzer_retriever_Homo_sapiens.GRCh37.dna_rm.chromosome.chr2_16.fa.bgzip.gz_Homo_sapiens.GRCh37.87.chr2_16.gff3.tar.gz",
                "mutalyzer_cache/versions.yml",
                "mutalyzer_retriever_Homo_sapiens.GRCh37.dna_rm.chromosome.chr2_16.fa.bgzip.gz_Homo_sapiens.GRCh37.87.chr2_16.gff3",
                "mutalyzer_retriever_Homo_sapiens.GRCh37.dna_rm.chromosome.chr2_16.fa.bgzip.gz_Homo_sapiens.GRCh37.87.chr2_16.gff3/mutalyzer",
                "mutalyzer_retriever_Homo_sapiens.GRCh37.dna_rm.chromosome.chr2_16.fa.bgzip.gz_Homo_sapiens.GRCh37.87.chr2_16.gff3/mutalyzer/mutalyzer_retriever_Homo_sapiens.GRCh37.dna_rm.chromosome.chr2_16.fa.bgzip.gz_Homo_sapiens.GRCh37.87.chr2_16.gff3.tar.gz",
                "pipeline_info",
                "pipeline_info/neoantigenpipeline_software_mqc_versions.yml",
                "tumor_normal",
                "tumor_normal/generatemutfasta",
                "tumor_normal/generatemutfasta/tumor_normal_out",
                "tumor_normal/generatemutfasta/tumor_normal_out/tumor_normal.MUT.sequences.fa",
                "tumor_normal/generatemutfasta/tumor_normal_out/tumor_normal.WT.sequences.fa",
                "tumor_normal/generatemutfasta/tumor_normal_out/tumor_normal_generate_mut_fasta.log",
                "tumor_normal/neoantigenediting",
                "tumor_normal/neoantigenediting/iedb_alignments_tumor_normal_patient.txt",
                "tumor_normal/neoantigenediting/tumor_normal_patient_tumor_normal_input_annotated.json",
                "tumor_normal/neoantigenutils",
                "tumor_normal/neoantigenutils/tumor_normal_neoantigens.tsv",
                "tumor_normal/neoantigenutils/tumor_normal_netmhc.output.MUT.tsv",
                "tumor_normal/neoantigenutils/tumor_normal_netmhc.output.WT.tsv",
                "tumor_normal/neoantigenutils/tumor_normal_netmhcstabpan.output.MUT.tsv",
                "tumor_normal/neoantigenutils/tumor_normal_netmhcstabpan.output.WT.tsv",
                "tumor_normal/neoantigenutils/tumor_normal_patient_tumor_normal_input.json",
                "tumor_normal/netmhc3",
                "tumor_normal/netmhc3/tumor_normal.MUT.netmhc.output",
                "tumor_normal/netmhc3/tumor_normal.MUT.xls",
                "tumor_normal/netmhc3/tumor_normal.WT.netmhc.output",
                "tumor_normal/netmhc3/tumor_normal.WT.xls",
                "tumor_normal/netmhc3/tumor_normal.hla_accepted.txt",
                "tumor_normal/netmhc3/tumor_normal.hla_rejected.txt",
                "tumor_normal/netmhcstabpan",
                "tumor_normal/netmhcstabpan/tumor_normal.MUT.netmhcstabpan.output",
                "tumor_normal/netmhcstabpan/tumor_normal.WT.netmhcstabpan.output",
                "tumor_normal/phylowgs",
                "tumor_normal/phylowgs/chains",
                "tumor_normal/phylowgs/chains/trees.zip",
                "tumor_normal/phylowgs/cnv_data.txt",
                "tumor_normal/phylowgs/cnvs.txt",
                "tumor_normal/phylowgs/ssm_data.txt",
                "tumor_normal/phylowgs/tumor_normal.mutass.zip",
                "tumor_normal/phylowgs/tumor_normal.muts.json.gz",
                "tumor_normal/phylowgs/tumor_normal.summ.json.gz",
                "tumor_normal2",
                "tumor_normal2/generatemutfasta",
                "tumor_normal2/generatemutfasta/tumor_normal2_out",
                "tumor_normal2/generatemutfasta/tumor_normal2_out/tumor_normal2.MUT.sequences.fa",
                "tumor_normal2/generatemutfasta/tumor_normal2_out/tumor_normal2.WT.sequences.fa",
                "tumor_normal2/generatemutfasta/tumor_normal2_out/tumor_normal2_generate_mut_fasta.log",
                "tumor_normal2/neoantigenediting",
                "tumor_normal2/neoantigenediting/iedb_alignments_tumor_normal2_patient.txt",
                "tumor_normal2/neoantigenediting/tumor_normal2_patient_tumor_normal2_input_annotated.json",
                "tumor_normal2/neoantigenutils",
                "tumor_normal2/neoantigenutils/tumor_normal2_neoantigens.tsv",
                "tumor_normal2/neoantigenutils/tumor_normal2_netmhc.output.MUT.tsv",
                "tumor_normal2/neoantigenutils/tumor_normal2_netmhc.output.WT.tsv",
                "tumor_normal2/neoantigenutils/tumor_normal2_netmhcstabpan.output.MUT.tsv",
                "tumor_normal2/neoantigenutils/tumor_normal2_netmhcstabpan.output.WT.tsv",
                "tumor_normal2/neoantigenutils/tumor_normal2_patient_tumor_normal2_input.json",
                "tumor_normal2/netmhc3",
                "tumor_normal2/netmhc3/tumor_normal2.MUT.netmhc.output",
                "tumor_normal2/netmhc3/tumor_normal2.MUT.xls",
                "tumor_normal2/netmhc3/tumor_normal2.WT.netmhc.output",
                "tumor_normal2/netmhc3/tumor_normal2.WT.xls",
                "tumor_normal2/netmhc3/tumor_normal2.hla_accepted.txt",
                "tumor_normal2/netmhc3/tumor_normal2.hla_rejected.txt",
                "tumor_normal2/netmhcstabpan",
                "tumor_normal2/netmhcstabpan/tumor_normal2.MUT.netmhcstabpan.output",
                "tumor_normal2/netmhcstabpan/tumor_normal2.WT.netmhcstabpan.output",
                "tumor_normal2/phylowgs",
                "tumor_normal2/phylowgs/chains",
                "tumor_normal2/phylowgs/chains/trees.zip",
                "tumor_normal2/phylowgs/cnv_data.txt",
                "tumor_normal2/phylowgs/cnvs.txt",
                "tumor_normal2/phylowgs/ssm_data.txt",
                "tumor_normal2/phylowgs/tumor_normal2.mutass.zip",
                "tumor_normal2/phylowgs/tumor_normal2.muts.json.gz",
                "tumor_normal2/phylowgs/tumor_normal2.summ.json.gz"
            ],
            [
                "mutalyzer_retriever_Homo_sapiens.GRCh37.dna_rm.chromosome.chr2_16.fa.bgzip.gz_Homo_sapiens.GRCh37.87.chr2_16.gff3.tar.gz:md5,d449c1d84f9db29417e980a4b853dce1",
                "versions.yml:md5,88999809ef25538868f353fda1c397f1",
                "mutalyzer_retriever_Homo_sapiens.GRCh37.dna_rm.chromosome.chr2_16.fa.bgzip.gz_Homo_sapiens.GRCh37.87.chr2_16.gff3.tar.gz:md5,d449c1d84f9db29417e980a4b853dce1",
                "tumor_normal.MUT.sequences.fa:md5,3d2ff66590a4329f9a24e03bdf84e0ab",
                "tumor_normal.WT.sequences.fa:md5,4bfcfc4d29d01ddc4108f39350936228",
                "tumor_normal_generate_mut_fasta.log:md5,ee83e12a0df0440f50fb35cb38c40d76",
                "iedb_alignments_tumor_normal_patient.txt:md5,30b3edf8705b335a360ba428501388da",
                "tumor_normal_patient_tumor_normal_input_annotated.json:md5,45a8de65ed7dc402e7113650548852bd",
                "tumor_normal_neoantigens.tsv:md5,8565ba43904eb5ee0732875ce1bcf565",
                "tumor_normal_netmhc.output.MUT.tsv:md5,3bb2e5167ae1211f7872650c53c7f816",
                "tumor_normal_netmhc.output.WT.tsv:md5,f0fbd063b1bb18a8be0c1716e7500bb8",
                "tumor_normal_netmhcstabpan.output.MUT.tsv:md5,3405a5776e2dbb95906ca97a0cabfddf",
                "tumor_normal_netmhcstabpan.output.WT.tsv:md5,98d97fc3e16b4bcccfbacb056b6ab5a4",
                "tumor_normal_patient_tumor_normal_input.json:md5,75e178659ede47ead83fd426aec07750",
                "tumor_normal.MUT.netmhc.output:md5,47fec95269736b7b29b4a4545714d53b",
                "tumor_normal.MUT.xls:md5,db1c61627128077a91e9ef5d4b36e424",
                "tumor_normal.WT.netmhc.output:md5,859f8b9466e9cf0ea6b6e4dea02157d8",
                "tumor_normal.WT.xls:md5,28c666557adb5559dcda11e8875798e1",
                "tumor_normal.hla_accepted.txt:md5,ccc4b3e5c2a2c7cad3581bfc72ef8106",
                "tumor_normal.hla_rejected.txt:md5,d41d8cd98f00b204e9800998ecf8427e",
                "tumor_normal.MUT.netmhcstabpan.output:md5,9d8ca190e642a3ff598e4cfc14afc614",
                "tumor_normal.WT.netmhcstabpan.output:md5,71aee51624e4902fed7127d1ec9c14ce",
                "trees.zip:md5,6e41be083444b87796ae2cb830ee8e12",
                "cnv_data.txt:md5,ac0eef7efce9b76adc381891f9156850",
                "cnvs.txt:md5,9c7f21a42d5a2225b1224deec3f77a24",
                "ssm_data.txt:md5,23ef29d9231d13586b5ef42c1b90e330",
                "tumor_normal.mutass.zip:md5,788d0df013b819dfe62a0a5b4400ffec",
                "tumor_normal.muts.json.gz:md5,a58f4a853d0e87a192d821526db10fdd",
                "tumor_normal.summ.json.gz:md5,15e854c494dc56a8b46d676e3b69356f",
                "tumor_normal2.MUT.sequences.fa:md5,3d2ff66590a4329f9a24e03bdf84e0ab",
                "tumor_normal2.WT.sequences.fa:md5,4bfcfc4d29d01ddc4108f39350936228",
                "tumor_normal2_generate_mut_fasta.log:md5,aaa1e56f4e95c10981b2ebd31e331672",
                "iedb_alignments_tumor_normal2_patient.txt:md5,30b3edf8705b335a360ba428501388da",
                "tumor_normal2_patient_tumor_normal2_input_annotated.json:md5,b5fb407789d37dfd155809c84d95b434",
                "tumor_normal2_neoantigens.tsv:md5,8565ba43904eb5ee0732875ce1bcf565",
                "tumor_normal2_netmhc.output.MUT.tsv:md5,3bb2e5167ae1211f7872650c53c7f816",
                "tumor_normal2_netmhc.output.WT.tsv:md5,f0fbd063b1bb18a8be0c1716e7500bb8",
                "tumor_normal2_netmhcstabpan.output.MUT.tsv:md5,3405a5776e2dbb95906ca97a0cabfddf",
                "tumor_normal2_netmhcstabpan.output.WT.tsv:md5,98d97fc3e16b4bcccfbacb056b6ab5a4",
                "tumor_normal2_patient_tumor_normal2_input.json:md5,28b2113b3070a477473f2d1ff5a732cd",
                "tumor_normal2.MUT.netmhc.output:md5,1a2430af19e2bca586bcf467b943ccba",
                "tumor_normal2.MUT.xls:md5,2d32d5bc419af729d9f6fa4f9b3f4a5d",
                "tumor_normal2.WT.netmhc.output:md5,632c5c9dd7bf38e9790d22a1a25b6dc7",
                "tumor_normal2.WT.xls:md5,368fa43f437e5fd24436187ddfc4de63",
                "tumor_normal2.hla_accepted.txt:md5,ccc4b3e5c2a2c7cad3581bfc72ef8106",
                "tumor_normal2.hla_rejected.txt:md5,d41d8cd98f00b204e9800998ecf8427e",
                "tumor_normal2.MUT.netmhcstabpan.output:md5,5ed8a5d3644e5eb3bc2ba7f7662c10c0",
                "tumor_normal2.WT.netmhcstabpan.output:md5,a6a92e202ca2d0fc13822364bd3b95b8",
                "trees.zip:md5,7acf8e975597079c1823da8873bd0be2",
                "cnv_data.txt:md5,ac0eef7efce9b76adc381891f9156850",
                "cnvs.txt:md5,9c7f21a42d5a2225b1224deec3f77a24",
                "ssm_data.txt:md5,23ef29d9231d13586b5ef42c1b90e330",
                "tumor_normal2.mutass.zip:md5,91d42ab3ca67854b32060d61842e132f",
                "tumor_normal2.muts.json.gz:md5,5efac4f8b0886c57939d87baa854ae26",
                "tumor_normal2.summ.json.gz:md5,ff786c61c0fc0b99c248e04fa57d0718"
            ]
        ],
        "meta": {
            "nf-test": "0.9.2",
            "nextflow": "25.10.3"
        },
        "timestamp": "2026-02-12T12:47:27.567813"
    }
}