{
    "-profile test": {
        "content": [
            {
                "GENERATEMUTFASTA": {
                    "generateMutFasta": "generateMutFasta.py 1.3",
                    "mutalyzer": "3.1.1"
                },
                "MUTALYZER_RETRIEVER": {
                    "mutalyzer": "3.1.1"
                },
                "NEOANTIGENEDITING_ALIGNTOIEDB": {
                    "neoantigenEditing": "cd97838f6a84a2730b4d690110d1e2b7479dcc90"
                },
                "NEOANTIGENEDITING_COMPUTEFITNESS": {
                    "neoantigenEditing": "cd97838f6a84a2730b4d690110d1e2b7479dcc90"
                },
                "NEOANTIGENUTILS_CONVERTANNOTJSON": {
                    "convertannotjson": "v1.1"
                },
                "NEOANTIGENUTILS_FORMATNETMHCPAN": {
                    "formatNetmhcpanOutput": "format_netmhcpan_output.py 1.0"
                },
                "NEOANTIGENUTILS_GENERATEHLASTRING": {
                    "generateHLAstring": "1.6.1"
                },
                "NEOANTIGENUTILS_NEOANTIGENINPUT": {
                    "neoantigeninput": "generate_input.py 1.10"
                },
                "NETMHCPAN4": {
                    "netmhcpan": "v4.1"
                },
                "NETMHCSTABPAN": {
                    "netmhcpan": "v4.1",
                    "netmhcstabpan": "v1.0"
                },
                "PHYLOWGS_STUB": {
                    "phylowgs_stub": "1.0"
                },
                "Workflow": {
                    "mskcc/neoqual-nf": "v1.4.0"
                }
            },
            [
                "mutalyzer_cache",
                "mutalyzer_cache/mutalyzer_retriever_Homo_sapiens.GRCh37.dna_rm.chromosome.chr2_16.fa.bgzip.gz_Homo_sapiens.GRCh37.87.chr2_16.gff3.tar.gz",
                "mutalyzer_cache/versions.yml",
                "mutalyzer_retriever_Homo_sapiens.GRCh37.dna_rm.chromosome.chr2_16.fa.bgzip.gz_Homo_sapiens.GRCh37.87.chr2_16.gff3",
                "mutalyzer_retriever_Homo_sapiens.GRCh37.dna_rm.chromosome.chr2_16.fa.bgzip.gz_Homo_sapiens.GRCh37.87.chr2_16.gff3/mutalyzer",
                "mutalyzer_retriever_Homo_sapiens.GRCh37.dna_rm.chromosome.chr2_16.fa.bgzip.gz_Homo_sapiens.GRCh37.87.chr2_16.gff3/mutalyzer/mutalyzer_retriever_Homo_sapiens.GRCh37.dna_rm.chromosome.chr2_16.fa.bgzip.gz_Homo_sapiens.GRCh37.87.chr2_16.gff3.tar.gz",
                "pipeline_info",
                "pipeline_info/neoqual_software_versions.yml",
                "tumor_normal",
                "tumor_normal/generatemutfasta",
                "tumor_normal/generatemutfasta/tumor_normal_out",
                "tumor_normal/generatemutfasta/tumor_normal_out/tumor_normal.MUT.sequences.fa",
                "tumor_normal/generatemutfasta/tumor_normal_out/tumor_normal.WT.sequences.fa",
                "tumor_normal/generatemutfasta/tumor_normal_out/tumor_normal_generate_mut_fasta.log",
                "tumor_normal/neoantigenediting",
                "tumor_normal/neoantigenediting/iedb_alignments_tumor_normal_patient.txt",
                "tumor_normal/neoantigenediting/tumor_normal_patient_tumor_normal_input_annotated.json",
                "tumor_normal/neoantigenutils",
                "tumor_normal/neoantigenutils/tumor_normal_neoantigens.tsv",
                "tumor_normal/neoantigenutils/tumor_normal_netmhcpan.output.MUT.tsv",
                "tumor_normal/neoantigenutils/tumor_normal_netmhcpan.output.WT.tsv",
                "tumor_normal/neoantigenutils/tumor_normal_netmhcstabpan.output.MUT.tsv",
                "tumor_normal/neoantigenutils/tumor_normal_netmhcstabpan.output.WT.tsv",
                "tumor_normal/neoantigenutils/tumor_normal_patient_tumor_normal_input.json",
                "tumor_normal/netmhcpan4",
                "tumor_normal/netmhcpan4/tumor_normal.MUT.netmhcpan.output",
                "tumor_normal/netmhcpan4/tumor_normal.MUT.xls",
                "tumor_normal/netmhcpan4/tumor_normal.WT.netmhcpan.output",
                "tumor_normal/netmhcpan4/tumor_normal.WT.xls",
                "tumor_normal/netmhcstabpan",
                "tumor_normal/netmhcstabpan/tumor_normal.MUT.netmhcstabpan.output",
                "tumor_normal/netmhcstabpan/tumor_normal.WT.netmhcstabpan.output",
                "tumor_normal/phylowgs",
                "tumor_normal/phylowgs/tumor_normal.mutass.zip",
                "tumor_normal/phylowgs/tumor_normal.muts.json.gz",
                "tumor_normal/phylowgs/tumor_normal.summ.json.gz",
                "tumor_normal2",
                "tumor_normal2/generatemutfasta",
                "tumor_normal2/generatemutfasta/tumor_normal2_out",
                "tumor_normal2/generatemutfasta/tumor_normal2_out/tumor_normal2.MUT.sequences.fa",
                "tumor_normal2/generatemutfasta/tumor_normal2_out/tumor_normal2.WT.sequences.fa",
                "tumor_normal2/generatemutfasta/tumor_normal2_out/tumor_normal2_generate_mut_fasta.log",
                "tumor_normal2/neoantigenediting",
                "tumor_normal2/neoantigenediting/iedb_alignments_tumor_normal2_patient.txt",
                "tumor_normal2/neoantigenediting/tumor_normal2_patient_tumor_normal2_input_annotated.json",
                "tumor_normal2/neoantigenutils",
                "tumor_normal2/neoantigenutils/tumor_normal2_neoantigens.tsv",
                "tumor_normal2/neoantigenutils/tumor_normal2_netmhcpan.output.MUT.tsv",
                "tumor_normal2/neoantigenutils/tumor_normal2_netmhcpan.output.WT.tsv",
                "tumor_normal2/neoantigenutils/tumor_normal2_netmhcstabpan.output.MUT.tsv",
                "tumor_normal2/neoantigenutils/tumor_normal2_netmhcstabpan.output.WT.tsv",
                "tumor_normal2/neoantigenutils/tumor_normal2_patient_tumor_normal2_input.json",
                "tumor_normal2/netmhcpan4",
                "tumor_normal2/netmhcpan4/tumor_normal2.MUT.netmhcpan.output",
                "tumor_normal2/netmhcpan4/tumor_normal2.MUT.xls",
                "tumor_normal2/netmhcpan4/tumor_normal2.WT.netmhcpan.output",
                "tumor_normal2/netmhcpan4/tumor_normal2.WT.xls",
                "tumor_normal2/netmhcstabpan",
                "tumor_normal2/netmhcstabpan/tumor_normal2.MUT.netmhcstabpan.output",
                "tumor_normal2/netmhcstabpan/tumor_normal2.WT.netmhcstabpan.output",
                "tumor_normal2/phylowgs",
                "tumor_normal2/phylowgs/tumor_normal2.mutass.zip",
                "tumor_normal2/phylowgs/tumor_normal2.muts.json.gz",
                "tumor_normal2/phylowgs/tumor_normal2.summ.json.gz"
            ],
            [
                "versions.yml:md5,98c6698376730bd0e8c4c8f096ccee78",
                "tumor_normal.MUT.sequences.fa:md5,3d2ff66590a4329f9a24e03bdf84e0ab",
                "tumor_normal.WT.sequences.fa:md5,4bfcfc4d29d01ddc4108f39350936228",
                "iedb_alignments_tumor_normal_patient.txt:md5,908cdf0c3db0b0ea8c0fafb964e7595c",
                "tumor_normal_neoantigens.tsv:md5,9220791b3959442229e1d9a288a24406",
                "tumor_normal_netmhcpan.output.MUT.tsv:md5,4808b06dd9ff97927549b536494f6252",
                "tumor_normal_netmhcpan.output.WT.tsv:md5,3742cd11b75c0e78f4ff37f10811d5d5",
                "tumor_normal_netmhcstabpan.output.MUT.tsv:md5,3405a5776e2dbb95906ca97a0cabfddf",
                "tumor_normal_netmhcstabpan.output.WT.tsv:md5,98d97fc3e16b4bcccfbacb056b6ab5a4",
                "tumor_normal.MUT.netmhcpan.output:md5,653081a8061fafc4f874d650f299c900",
                "tumor_normal.WT.netmhcpan.output:md5,56a1eca061f52a916e9d78dcd5f90ffb",
                "tumor_normal2.MUT.sequences.fa:md5,3d2ff66590a4329f9a24e03bdf84e0ab",
                "tumor_normal2.WT.sequences.fa:md5,4bfcfc4d29d01ddc4108f39350936228",
                "iedb_alignments_tumor_normal2_patient.txt:md5,19d48300d402c063caf787e48acd3723",
                "tumor_normal2_neoantigens.tsv:md5,9220791b3959442229e1d9a288a24406",
                "tumor_normal2_netmhcpan.output.MUT.tsv:md5,4808b06dd9ff97927549b536494f6252",
                "tumor_normal2_netmhcpan.output.WT.tsv:md5,3742cd11b75c0e78f4ff37f10811d5d5",
                "tumor_normal2_netmhcstabpan.output.MUT.tsv:md5,3405a5776e2dbb95906ca97a0cabfddf",
                "tumor_normal2_netmhcstabpan.output.WT.tsv:md5,98d97fc3e16b4bcccfbacb056b6ab5a4",
                "tumor_normal2.MUT.netmhcpan.output:md5,f43f8ca22b14a588bd90febbf2ac972a",
                "tumor_normal2.WT.netmhcpan.output:md5,fb626e9e807160bb98a9f8c7eb9aa72a"
            ]
        ],
        "meta": {
            "nf-test": "0.9.3",
            "nextflow": "25.10.4"
        },
        "timestamp": "2026-09-10T17:10:16.684738"
    },
    "-profile test - netmhc3": {
        "content": [
            {
                "GENERATEMUTFASTA": {
                    "generateMutFasta": "generateMutFasta.py 1.3",
                    "mutalyzer": "3.1.1"
                },
                "MUTALYZER_RETRIEVER": {
                    "mutalyzer": "3.1.1"
                },
                "NEOANTIGENEDITING_ALIGNTOIEDB": {
                    "neoantigenEditing": "cd97838f6a84a2730b4d690110d1e2b7479dcc90"
                },
                "NEOANTIGENEDITING_COMPUTEFITNESS": {
                    "neoantigenEditing": "cd97838f6a84a2730b4d690110d1e2b7479dcc90"
                },
                "NEOANTIGENUTILS_CONVERTANNOTJSON": {
                    "convertannotjson": "v1.1"
                },
                "NEOANTIGENUTILS_FORMATNETMHCPAN": {
                    "formatNetmhcpanOutput": "format_netmhcpan_output.py 1.0"
                },
                "NEOANTIGENUTILS_GENERATEHLASTRING": {
                    "generateHLAstring": "1.6.1"
                },
                "NEOANTIGENUTILS_NEOANTIGENINPUT": {
                    "neoantigeninput": "generate_input.py 1.10"
                },
                "NETMHC3": {
                    "netmhc": "v3.4"
                },
                "NETMHCSTABPAN": {
                    "netmhcpan": "v4.1",
                    "netmhcstabpan": "v1.0"
                },
                "PHYLOWGS_STUB": {
                    "phylowgs_stub": "1.0"
                },
                "Workflow": {
                    "mskcc/neoqual-nf": "v1.4.0"
                }
            },
            [
                "mutalyzer_cache",
                "mutalyzer_cache/mutalyzer_retriever_Homo_sapiens.GRCh37.dna_rm.chromosome.chr2_16.fa.bgzip.gz_Homo_sapiens.GRCh37.87.chr2_16.gff3.tar.gz",
                "mutalyzer_cache/versions.yml",
                "mutalyzer_retriever_Homo_sapiens.GRCh37.dna_rm.chromosome.chr2_16.fa.bgzip.gz_Homo_sapiens.GRCh37.87.chr2_16.gff3",
                "mutalyzer_retriever_Homo_sapiens.GRCh37.dna_rm.chromosome.chr2_16.fa.bgzip.gz_Homo_sapiens.GRCh37.87.chr2_16.gff3/mutalyzer",
                "mutalyzer_retriever_Homo_sapiens.GRCh37.dna_rm.chromosome.chr2_16.fa.bgzip.gz_Homo_sapiens.GRCh37.87.chr2_16.gff3/mutalyzer/mutalyzer_retriever_Homo_sapiens.GRCh37.dna_rm.chromosome.chr2_16.fa.bgzip.gz_Homo_sapiens.GRCh37.87.chr2_16.gff3.tar.gz",
                "pipeline_info",
                "pipeline_info/neoqual_software_versions.yml",
                "tumor_normal",
                "tumor_normal/generatemutfasta",
                "tumor_normal/generatemutfasta/tumor_normal_out",
                "tumor_normal/generatemutfasta/tumor_normal_out/tumor_normal.MUT.sequences.fa",
                "tumor_normal/generatemutfasta/tumor_normal_out/tumor_normal.WT.sequences.fa",
                "tumor_normal/generatemutfasta/tumor_normal_out/tumor_normal_generate_mut_fasta.log",
                "tumor_normal/neoantigenediting",
                "tumor_normal/neoantigenediting/iedb_alignments_tumor_normal_patient.txt",
                "tumor_normal/neoantigenediting/tumor_normal_patient_tumor_normal_input_annotated.json",
                "tumor_normal/neoantigenutils",
                "tumor_normal/neoantigenutils/tumor_normal_neoantigens.tsv",
                "tumor_normal/neoantigenutils/tumor_normal_netmhc.output.MUT.tsv",
                "tumor_normal/neoantigenutils/tumor_normal_netmhc.output.WT.tsv",
                "tumor_normal/neoantigenutils/tumor_normal_netmhcstabpan.output.MUT.tsv",
                "tumor_normal/neoantigenutils/tumor_normal_netmhcstabpan.output.WT.tsv",
                "tumor_normal/neoantigenutils/tumor_normal_patient_tumor_normal_input.json",
                "tumor_normal/netmhc3",
                "tumor_normal/netmhc3/tumor_normal.MUT.netmhc.output",
                "tumor_normal/netmhc3/tumor_normal.MUT.xls",
                "tumor_normal/netmhc3/tumor_normal.WT.netmhc.output",
                "tumor_normal/netmhc3/tumor_normal.WT.xls",
                "tumor_normal/netmhc3/tumor_normal.hla_accepted.txt",
                "tumor_normal/netmhc3/tumor_normal.hla_rejected.txt",
                "tumor_normal/netmhcstabpan",
                "tumor_normal/netmhcstabpan/tumor_normal.MUT.netmhcstabpan.output",
                "tumor_normal/netmhcstabpan/tumor_normal.WT.netmhcstabpan.output",
                "tumor_normal/phylowgs",
                "tumor_normal/phylowgs/tumor_normal.mutass.zip",
                "tumor_normal/phylowgs/tumor_normal.muts.json.gz",
                "tumor_normal/phylowgs/tumor_normal.summ.json.gz",
                "tumor_normal2",
                "tumor_normal2/generatemutfasta",
                "tumor_normal2/generatemutfasta/tumor_normal2_out",
                "tumor_normal2/generatemutfasta/tumor_normal2_out/tumor_normal2.MUT.sequences.fa",
                "tumor_normal2/generatemutfasta/tumor_normal2_out/tumor_normal2.WT.sequences.fa",
                "tumor_normal2/generatemutfasta/tumor_normal2_out/tumor_normal2_generate_mut_fasta.log",
                "tumor_normal2/neoantigenediting",
                "tumor_normal2/neoantigenediting/iedb_alignments_tumor_normal2_patient.txt",
                "tumor_normal2/neoantigenediting/tumor_normal2_patient_tumor_normal2_input_annotated.json",
                "tumor_normal2/neoantigenutils",
                "tumor_normal2/neoantigenutils/tumor_normal2_neoantigens.tsv",
                "tumor_normal2/neoantigenutils/tumor_normal2_netmhc.output.MUT.tsv",
                "tumor_normal2/neoantigenutils/tumor_normal2_netmhc.output.WT.tsv",
                "tumor_normal2/neoantigenutils/tumor_normal2_netmhcstabpan.output.MUT.tsv",
                "tumor_normal2/neoantigenutils/tumor_normal2_netmhcstabpan.output.WT.tsv",
                "tumor_normal2/neoantigenutils/tumor_normal2_patient_tumor_normal2_input.json",
                "tumor_normal2/netmhc3",
                "tumor_normal2/netmhc3/tumor_normal2.MUT.netmhc.output",
                "tumor_normal2/netmhc3/tumor_normal2.MUT.xls",
                "tumor_normal2/netmhc3/tumor_normal2.WT.netmhc.output",
                "tumor_normal2/netmhc3/tumor_normal2.WT.xls",
                "tumor_normal2/netmhc3/tumor_normal2.hla_accepted.txt",
                "tumor_normal2/netmhc3/tumor_normal2.hla_rejected.txt",
                "tumor_normal2/netmhcstabpan",
                "tumor_normal2/netmhcstabpan/tumor_normal2.MUT.netmhcstabpan.output",
                "tumor_normal2/netmhcstabpan/tumor_normal2.WT.netmhcstabpan.output",
                "tumor_normal2/phylowgs",
                "tumor_normal2/phylowgs/tumor_normal2.mutass.zip",
                "tumor_normal2/phylowgs/tumor_normal2.muts.json.gz",
                "tumor_normal2/phylowgs/tumor_normal2.summ.json.gz"
            ],
            [
                "versions.yml:md5,98c6698376730bd0e8c4c8f096ccee78",
                "tumor_normal.MUT.sequences.fa:md5,3d2ff66590a4329f9a24e03bdf84e0ab",
                "tumor_normal.WT.sequences.fa:md5,4bfcfc4d29d01ddc4108f39350936228",
                "iedb_alignments_tumor_normal_patient.txt:md5,30b3edf8705b335a360ba428501388da",
                "tumor_normal_neoantigens.tsv:md5,8565ba43904eb5ee0732875ce1bcf565",
                "tumor_normal_netmhc.output.MUT.tsv:md5,3bb2e5167ae1211f7872650c53c7f816",
                "tumor_normal_netmhc.output.WT.tsv:md5,f0fbd063b1bb18a8be0c1716e7500bb8",
                "tumor_normal_netmhcstabpan.output.MUT.tsv:md5,3405a5776e2dbb95906ca97a0cabfddf",
                "tumor_normal_netmhcstabpan.output.WT.tsv:md5,98d97fc3e16b4bcccfbacb056b6ab5a4",
                "tumor_normal.hla_accepted.txt:md5,ccc4b3e5c2a2c7cad3581bfc72ef8106",
                "tumor_normal.hla_rejected.txt:md5,d41d8cd98f00b204e9800998ecf8427e",
                "tumor_normal2.MUT.sequences.fa:md5,3d2ff66590a4329f9a24e03bdf84e0ab",
                "tumor_normal2.WT.sequences.fa:md5,4bfcfc4d29d01ddc4108f39350936228",
                "iedb_alignments_tumor_normal2_patient.txt:md5,30b3edf8705b335a360ba428501388da",
                "tumor_normal2_neoantigens.tsv:md5,8565ba43904eb5ee0732875ce1bcf565",
                "tumor_normal2_netmhc.output.MUT.tsv:md5,3bb2e5167ae1211f7872650c53c7f816",
                "tumor_normal2_netmhc.output.WT.tsv:md5,f0fbd063b1bb18a8be0c1716e7500bb8",
                "tumor_normal2_netmhcstabpan.output.MUT.tsv:md5,3405a5776e2dbb95906ca97a0cabfddf",
                "tumor_normal2_netmhcstabpan.output.WT.tsv:md5,98d97fc3e16b4bcccfbacb056b6ab5a4",
                "tumor_normal2.hla_accepted.txt:md5,ccc4b3e5c2a2c7cad3581bfc72ef8106",
                "tumor_normal2.hla_rejected.txt:md5,d41d8cd98f00b204e9800998ecf8427e"
            ]
        ],
        "meta": {
            "nf-test": "0.9.3",
            "nextflow": "25.10.4"
        },
        "timestamp": "2026-09-10T17:15:49.937517"
    },
    "-profile test - full": {
        "content": [
            {
                "GENERATEMUTFASTA": {
                    "generateMutFasta": "generateMutFasta.py 1.3",
                    "mutalyzer": "3.1.1"
                },
                "MUTALYZER_RETRIEVER": {
                    "mutalyzer": "3.1.1"
                },
                "NEOANTIGENEDITING_ALIGNTOIEDB": {
                    "neoantigenEditing": "cd97838f6a84a2730b4d690110d1e2b7479dcc90"
                },
                "NEOANTIGENEDITING_COMPUTEFITNESS": {
                    "neoantigenEditing": "cd97838f6a84a2730b4d690110d1e2b7479dcc90"
                },
                "NEOANTIGENUTILS_CONVERTANNOTJSON": {
                    "convertannotjson": "v1.1"
                },
                "NEOANTIGENUTILS_FORMATNETMHCPAN": {
                    "formatNetmhcpanOutput": "format_netmhcpan_output.py 1.0"
                },
                "NEOANTIGENUTILS_GENERATEHLASTRING": {
                    "generateHLAstring": "1.6.1"
                },
                "NEOANTIGENUTILS_NEOANTIGENINPUT": {
                    "neoantigeninput": "generate_input.py 1.10"
                },
                "NETMHCPAN4": {
                    "netmhcpan": "v4.1"
                },
                "NETMHCSTABPAN": {
                    "netmhcpan": "v4.1",
                    "netmhcstabpan": "v1.0"
                },
                "PHYLOWGS_CREATEINPUT": {
                    "phylowgs": "v1.5.2-msk"
                },
                "PHYLOWGS_MULTIEVOLVE": {
                    "phylowgs": "v1.5.2-msk"
                },
                "PHYLOWGS_PARSECNVS": {
                    "phylowgs": "v1.5.2-msk"
                },
                "PHYLOWGS_WRITERESULTS": {
                    "phylowgs": "v1.5.2-msk"
                },
                "Workflow": {
                    "mskcc/neoqual-nf": "v1.4.0"
                }
            },
            [
                "mutalyzer_cache",
                "mutalyzer_cache/mutalyzer_retriever_Homo_sapiens.GRCh37.dna_rm.chromosome.chr2_16.fa.bgzip.gz_Homo_sapiens.GRCh37.87.chr2_16.gff3.tar.gz",
                "mutalyzer_cache/versions.yml",
                "mutalyzer_retriever_Homo_sapiens.GRCh37.dna_rm.chromosome.chr2_16.fa.bgzip.gz_Homo_sapiens.GRCh37.87.chr2_16.gff3",
                "mutalyzer_retriever_Homo_sapiens.GRCh37.dna_rm.chromosome.chr2_16.fa.bgzip.gz_Homo_sapiens.GRCh37.87.chr2_16.gff3/mutalyzer",
                "mutalyzer_retriever_Homo_sapiens.GRCh37.dna_rm.chromosome.chr2_16.fa.bgzip.gz_Homo_sapiens.GRCh37.87.chr2_16.gff3/mutalyzer/mutalyzer_retriever_Homo_sapiens.GRCh37.dna_rm.chromosome.chr2_16.fa.bgzip.gz_Homo_sapiens.GRCh37.87.chr2_16.gff3.tar.gz",
                "pipeline_info",
                "pipeline_info/neoqual_software_versions.yml",
                "tumor_normal",
                "tumor_normal/generatemutfasta",
                "tumor_normal/generatemutfasta/tumor_normal_out",
                "tumor_normal/generatemutfasta/tumor_normal_out/tumor_normal.MUT.sequences.fa",
                "tumor_normal/generatemutfasta/tumor_normal_out/tumor_normal.WT.sequences.fa",
                "tumor_normal/generatemutfasta/tumor_normal_out/tumor_normal_generate_mut_fasta.log",
                "tumor_normal/neoantigenediting",
                "tumor_normal/neoantigenediting/iedb_alignments_tumor_normal_patient.txt",
                "tumor_normal/neoantigenediting/tumor_normal_patient_tumor_normal_input_annotated.json",
                "tumor_normal/neoantigenutils",
                "tumor_normal/neoantigenutils/tumor_normal_neoantigens.tsv",
                "tumor_normal/neoantigenutils/tumor_normal_netmhcpan.output.MUT.tsv",
                "tumor_normal/neoantigenutils/tumor_normal_netmhcpan.output.WT.tsv",
                "tumor_normal/neoantigenutils/tumor_normal_netmhcstabpan.output.MUT.tsv",
                "tumor_normal/neoantigenutils/tumor_normal_netmhcstabpan.output.WT.tsv",
                "tumor_normal/neoantigenutils/tumor_normal_patient_tumor_normal_input.json",
                "tumor_normal/netmhcpan4",
                "tumor_normal/netmhcpan4/tumor_normal.MUT.netmhcpan.output",
                "tumor_normal/netmhcpan4/tumor_normal.MUT.xls",
                "tumor_normal/netmhcpan4/tumor_normal.WT.netmhcpan.output",
                "tumor_normal/netmhcpan4/tumor_normal.WT.xls",
                "tumor_normal/netmhcstabpan",
                "tumor_normal/netmhcstabpan/tumor_normal.MUT.netmhcstabpan.output",
                "tumor_normal/netmhcstabpan/tumor_normal.WT.netmhcstabpan.output",
                "tumor_normal/phylowgs",
                "tumor_normal/phylowgs/cnv_data.txt",
                "tumor_normal/phylowgs/cnvs.txt",
                "tumor_normal/phylowgs/ssm_data.txt",
                "tumor_normal/phylowgs/trees.zip",
                "tumor_normal/phylowgs/tumor_normal.mutass.zip",
                "tumor_normal/phylowgs/tumor_normal.muts.json.gz",
                "tumor_normal/phylowgs/tumor_normal.summ.json.gz",
                "tumor_normal2",
                "tumor_normal2/generatemutfasta",
                "tumor_normal2/generatemutfasta/tumor_normal2_out",
                "tumor_normal2/generatemutfasta/tumor_normal2_out/tumor_normal2.MUT.sequences.fa",
                "tumor_normal2/generatemutfasta/tumor_normal2_out/tumor_normal2.WT.sequences.fa",
                "tumor_normal2/generatemutfasta/tumor_normal2_out/tumor_normal2_generate_mut_fasta.log",
                "tumor_normal2/neoantigenediting",
                "tumor_normal2/neoantigenediting/iedb_alignments_tumor_normal2_patient.txt",
                "tumor_normal2/neoantigenediting/tumor_normal2_patient_tumor_normal2_input_annotated.json",
                "tumor_normal2/neoantigenutils",
                "tumor_normal2/neoantigenutils/tumor_normal2_neoantigens.tsv",
                "tumor_normal2/neoantigenutils/tumor_normal2_netmhcpan.output.MUT.tsv",
                "tumor_normal2/neoantigenutils/tumor_normal2_netmhcpan.output.WT.tsv",
                "tumor_normal2/neoantigenutils/tumor_normal2_netmhcstabpan.output.MUT.tsv",
                "tumor_normal2/neoantigenutils/tumor_normal2_netmhcstabpan.output.WT.tsv",
                "tumor_normal2/neoantigenutils/tumor_normal2_patient_tumor_normal2_input.json",
                "tumor_normal2/netmhcpan4",
                "tumor_normal2/netmhcpan4/tumor_normal2.MUT.netmhcpan.output",
                "tumor_normal2/netmhcpan4/tumor_normal2.MUT.xls",
                "tumor_normal2/netmhcpan4/tumor_normal2.WT.netmhcpan.output",
                "tumor_normal2/netmhcpan4/tumor_normal2.WT.xls",
                "tumor_normal2/netmhcstabpan",
                "tumor_normal2/netmhcstabpan/tumor_normal2.MUT.netmhcstabpan.output",
                "tumor_normal2/netmhcstabpan/tumor_normal2.WT.netmhcstabpan.output",
                "tumor_normal2/phylowgs",
                "tumor_normal2/phylowgs/cnv_data.txt",
                "tumor_normal2/phylowgs/cnvs.txt",
                "tumor_normal2/phylowgs/ssm_data.txt",
                "tumor_normal2/phylowgs/trees.zip",
                "tumor_normal2/phylowgs/tumor_normal2.mutass.zip",
                "tumor_normal2/phylowgs/tumor_normal2.muts.json.gz",
                "tumor_normal2/phylowgs/tumor_normal2.summ.json.gz"
            ],
            [
                "versions.yml:md5,88999809ef25538868f353fda1c397f1",
                "tumor_normal.MUT.sequences.fa:md5,3d2ff66590a4329f9a24e03bdf84e0ab",
                "tumor_normal.WT.sequences.fa:md5,4bfcfc4d29d01ddc4108f39350936228",
                "iedb_alignments_tumor_normal_patient.txt:md5,19d48300d402c063caf787e48acd3723",
                "tumor_normal_neoantigens.tsv:md5,9220791b3959442229e1d9a288a24406",
                "tumor_normal_netmhcpan.output.MUT.tsv:md5,4808b06dd9ff97927549b536494f6252",
                "tumor_normal_netmhcpan.output.WT.tsv:md5,3742cd11b75c0e78f4ff37f10811d5d5",
                "tumor_normal_netmhcstabpan.output.MUT.tsv:md5,3405a5776e2dbb95906ca97a0cabfddf",
                "tumor_normal_netmhcstabpan.output.WT.tsv:md5,98d97fc3e16b4bcccfbacb056b6ab5a4",
                "tumor_normal.MUT.netmhcpan.output:md5,b72c6ad6a55ff1fc2e50bfa0095f3b92",
                "tumor_normal.WT.netmhcpan.output:md5,32c73e144f858e02dccdf0444e9c1e69",
                "cnv_data.txt:md5,d21429e1b930a20e4fc673454225b8fe",
                "cnvs.txt:md5,5c454343c6d1b16a234e892af8a06429",
                "ssm_data.txt:md5,23ef29d9231d13586b5ef42c1b90e330",
                "tumor_normal2.MUT.sequences.fa:md5,3d2ff66590a4329f9a24e03bdf84e0ab",
                "tumor_normal2.WT.sequences.fa:md5,4bfcfc4d29d01ddc4108f39350936228",
                "iedb_alignments_tumor_normal2_patient.txt:md5,19d48300d402c063caf787e48acd3723",
                "tumor_normal2_neoantigens.tsv:md5,9220791b3959442229e1d9a288a24406",
                "tumor_normal2_netmhcpan.output.MUT.tsv:md5,4808b06dd9ff97927549b536494f6252",
                "tumor_normal2_netmhcpan.output.WT.tsv:md5,3742cd11b75c0e78f4ff37f10811d5d5",
                "tumor_normal2_netmhcstabpan.output.MUT.tsv:md5,3405a5776e2dbb95906ca97a0cabfddf",
                "tumor_normal2_netmhcstabpan.output.WT.tsv:md5,98d97fc3e16b4bcccfbacb056b6ab5a4",
                "tumor_normal2.MUT.netmhcpan.output:md5,a15642e1fe3e578d62e56d97e2d2fbed",
                "tumor_normal2.WT.netmhcpan.output:md5,133c8097229a399d3333d2c09e54ee45",
                "cnv_data.txt:md5,d21429e1b930a20e4fc673454225b8fe",
                "cnvs.txt:md5,5c454343c6d1b16a234e892af8a06429",
                "ssm_data.txt:md5,23ef29d9231d13586b5ef42c1b90e330"
            ]
        ],
        "meta": {
            "nf-test": "0.9.3",
            "nextflow": "25.10.4"
        },
        "timestamp": "2026-09-10T17:10:16.684738"
    }
}
